[
  [ "First", "Second", "Third" ],
  [ "sdf23", 10, "Matt" ],
  [ "sdfxcv324", 20, "Patrick" ],
  [ "xcvxc-9-", 30, "John" ],
  [ "xcvfr543", 40, "Martin" ],
  [ "k;lm;m;m;l4", 50, "Paul" ],
  [ "sfdsdv", 60, "Ryan" ]
]