// Jest Snapshot v1, https://goo.gl/fbAQLP

exports[`RangeSliderActions check status of menu actions and toolbar actions of range slider in composer 1`] = `
Array [
  AssemblyActionGroup {
    "actions": Array [
      Object {
        "action": [Function],
        "enabled": [Function],
        "icon": [Function],
        "id": [Function],
        "label": [Function],
        "visible": [Function],
      },
      Object {
        "action": [Function],
        "enabled": [Function],
        "icon": [Function],
        "id": [Function],
        "label": [Function],
        "visible": [Function],
      },
      Object {
        "action": [Function],
        "enabled": [Function],
        "icon": [Function],
        "id": [Function],
        "label": [Function],
        "visible": [Function],
      },
      Object {
        "action": [Function],
        "enabled": [Function],
        "icon": [Function],
        "id": [Function],
        "label": [Function],
        "visible": [Function],
      },
      Object {
        "action": [Function],
        "enabled": [Function],
        "icon": [Function],
        "id": [Function],
        "label": [Function],
        "visible": [Function],
      },
    ],
    "icon": [Function],
    "label": [Function],
  },
  AssemblyActionGroup {
    "actions": Array [
      Object {
        "action": [Function],
        "enabled": [Function],
        "icon": [Function],
        "id": [Function],
        "label": [Function],
        "visible": [Function],
      },
      Object {
        "action": [Function],
        "enabled": [Function],
        "icon": [Function],
        "id": [Function],
        "label": [Function],
        "visible": [Function],
      },
    ],
    "icon": [Function],
    "label": [Function],
  },
  AssemblyActionGroup {
    "actions": Array [
      Object {
        "action": [Function],
        "enabled": [Function],
        "icon": [Function],
        "id": [Function],
        "label": [Function],
        "visible": [Function],
      },
      Object {
        "action": [Function],
        "enabled": [Function],
        "icon": [Function],
        "id": [Function],
        "label": [Function],
        "visible": [Function],
      },
      Object {
        "action": [Function],
        "enabled": [Function],
        "icon": [Function],
        "id": [Function],
        "label": [Function],
        "visible": [Function],
      },
      Object {
        "action": [Function],
        "enabled": [Function],
        "icon": [Function],
        "id": [Function],
        "label": [Function],
        "visible": [Function],
      },
      Object {
        "action": [Function],
        "enabled": [Function],
        "icon": [Function],
        "id": [Function],
        "label": [Function],
        "visible": [Function],
      },
    ],
    "icon": [Function],
    "label": [Function],
  },
  AssemblyActionGroup {
    "actions": Array [
      Object {
        "action": [Function],
        "enabled": [Function],
        "icon": [Function],
        "id": [Function],
        "label": [Function],
        "visible": [Function],
      },
      Object {
        "action": [Function],
        "enabled": [Function],
        "icon": [Function],
        "id": [Function],
        "label": [Function],
        "visible": [Function],
      },
      Object {
        "action": [Function],
        "enabled": [Function],
        "icon": [Function],
        "id": [Function],
        "label": [Function],
        "visible": [Function],
      },
      Object {
        "action": [Function],
        "enabled": [Function],
        "icon": [Function],
        "id": [Function],
        "label": [Function],
        "visible": [Function],
      },
    ],
    "icon": [Function],
    "label": [Function],
  },
]
`;

exports[`RangeSliderActions check status of menu actions and toolbar actions of range slider in composer 2`] = `
Array [
  AssemblyActionGroup {
    "actions": Array [
      Object {
        "action": [Function],
        "enabled": [Function],
        "icon": [Function],
        "id": [Function],
        "label": [Function],
        "visible": [Function],
      },
    ],
    "icon": [Function],
    "label": [Function],
  },
  AssemblyActionGroup {
    "actions": Array [
      Object {
        "action": [Function],
        "enabled": [Function],
        "icon": [Function],
        "id": [Function],
        "label": [Function],
        "visible": [Function],
      },
      Object {
        "action": [Function],
        "enabled": [Function],
        "icon": [Function],
        "id": [Function],
        "label": [Function],
        "visible": [Function],
      },
      Object {
        "action": [Function],
        "enabled": [Function],
        "icon": [Function],
        "id": [Function],
        "label": [Function],
        "visible": [Function],
      },
    ],
    "icon": [Function],
    "label": [Function],
  },
  AssemblyActionGroup {
    "actions": Array [
      Object {
        "action": [Function],
        "childAction": [Function],
        "enabled": [Function],
        "icon": [Function],
        "id": [Function],
        "label": [Function],
        "visible": [Function],
      },
    ],
    "icon": [Function],
    "label": [Function],
  },
]
`;

exports[`RangeSliderActions check status of menu actions and toolbar actions of range slider in composer when in selection container 1`] = `
Array [
  AssemblyActionGroup {
    "actions": Array [
      Object {
        "action": [Function],
        "enabled": [Function],
        "icon": [Function],
        "id": [Function],
        "label": [Function],
        "visible": [Function],
      },
      Object {
        "action": [Function],
        "enabled": [Function],
        "icon": [Function],
        "id": [Function],
        "label": [Function],
        "visible": [Function],
      },
      Object {
        "action": [Function],
        "enabled": [Function],
        "icon": [Function],
        "id": [Function],
        "label": [Function],
        "visible": [Function],
      },
      Object {
        "action": [Function],
        "enabled": [Function],
        "icon": [Function],
        "id": [Function],
        "label": [Function],
        "visible": [Function],
      },
      Object {
        "action": [Function],
        "enabled": [Function],
        "icon": [Function],
        "id": [Function],
        "label": [Function],
        "visible": [Function],
      },
    ],
    "icon": [Function],
    "label": [Function],
  },
  AssemblyActionGroup {
    "actions": Array [
      Object {
        "action": [Function],
        "enabled": [Function],
        "icon": [Function],
        "id": [Function],
        "label": [Function],
        "visible": [Function],
      },
      Object {
        "action": [Function],
        "enabled": [Function],
        "icon": [Function],
        "id": [Function],
        "label": [Function],
        "visible": [Function],
      },
    ],
    "icon": [Function],
    "label": [Function],
  },
]
`;

exports[`RangeSliderActions check status of menu actions and toolbar actions of range slider in composer when in selection container 2`] = `
Array [
  AssemblyActionGroup {
    "actions": Array [
      Object {
        "action": [Function],
        "enabled": [Function],
        "icon": [Function],
        "id": [Function],
        "label": [Function],
        "visible": [Function],
      },
      Object {
        "action": [Function],
        "enabled": [Function],
        "icon": [Function],
        "id": [Function],
        "label": [Function],
        "visible": [Function],
      },
      Object {
        "action": [Function],
        "enabled": [Function],
        "icon": [Function],
        "id": [Function],
        "label": [Function],
        "visible": [Function],
      },
    ],
    "icon": [Function],
    "label": [Function],
  },
  AssemblyActionGroup {
    "actions": Array [
      Object {
        "action": [Function],
        "enabled": [Function],
        "icon": [Function],
        "id": [Function],
        "label": [Function],
        "visible": [Function],
      },
      Object {
        "action": [Function],
        "enabled": [Function],
        "icon": [Function],
        "id": [Function],
        "label": [Function],
        "visible": [Function],
      },
      Object {
        "action": [Function],
        "enabled": [Function],
        "icon": [Function],
        "id": [Function],
        "label": [Function],
        "visible": [Function],
      },
      Object {
        "action": [Function],
        "enabled": [Function],
        "icon": [Function],
        "id": [Function],
        "label": [Function],
        "visible": [Function],
      },
      Object {
        "action": [Function],
        "enabled": [Function],
        "icon": [Function],
        "id": [Function],
        "label": [Function],
        "visible": [Function],
      },
    ],
    "icon": [Function],
    "label": [Function],
  },
  AssemblyActionGroup {
    "actions": Array [
      Object {
        "action": [Function],
        "enabled": [Function],
        "icon": [Function],
        "id": [Function],
        "label": [Function],
        "visible": [Function],
      },
      Object {
        "action": [Function],
        "enabled": [Function],
        "icon": [Function],
        "id": [Function],
        "label": [Function],
        "visible": [Function],
      },
    ],
    "icon": [Function],
    "label": [Function],
  },
]
`;

exports[`RangeSliderActions check status of menu actions and toolbar actions of range slider in viewer and preview 1`] = `
Array [
  AssemblyActionGroup {
    "actions": Array [
      Object {
        "action": [Function],
        "enabled": [Function],
        "icon": [Function],
        "id": [Function],
        "label": [Function],
        "visible": [Function],
      },
      Object {
        "action": [Function],
        "enabled": [Function],
        "icon": [Function],
        "id": [Function],
        "label": [Function],
        "visible": [Function],
      },
      Object {
        "action": [Function],
        "enabled": [Function],
        "icon": [Function],
        "id": [Function],
        "label": [Function],
        "visible": [Function],
      },
      Object {
        "action": [Function],
        "enabled": [Function],
        "icon": [Function],
        "id": [Function],
        "label": [Function],
        "visible": [Function],
      },
      Object {
        "action": [Function],
        "enabled": [Function],
        "icon": [Function],
        "id": [Function],
        "label": [Function],
        "visible": [Function],
      },
    ],
    "icon": [Function],
    "label": [Function],
  },
  AssemblyActionGroup {
    "actions": Array [
      Object {
        "action": [Function],
        "enabled": [Function],
        "icon": [Function],
        "id": [Function],
        "label": [Function],
        "visible": [Function],
      },
      Object {
        "action": [Function],
        "enabled": [Function],
        "icon": [Function],
        "id": [Function],
        "label": [Function],
        "visible": [Function],
      },
    ],
    "icon": [Function],
    "label": [Function],
  },
  AssemblyActionGroup {
    "actions": Array [
      Object {
        "action": [Function],
        "enabled": [Function],
        "icon": [Function],
        "id": [Function],
        "label": [Function],
        "visible": [Function],
      },
      Object {
        "action": [Function],
        "enabled": [Function],
        "icon": [Function],
        "id": [Function],
        "label": [Function],
        "visible": [Function],
      },
      Object {
        "action": [Function],
        "enabled": [Function],
        "icon": [Function],
        "id": [Function],
        "label": [Function],
        "visible": [Function],
      },
      Object {
        "action": [Function],
        "enabled": [Function],
        "icon": [Function],
        "id": [Function],
        "label": [Function],
        "visible": [Function],
      },
      Object {
        "action": [Function],
        "enabled": [Function],
        "icon": [Function],
        "id": [Function],
        "label": [Function],
        "visible": [Function],
      },
    ],
    "icon": [Function],
    "label": [Function],
  },
  AssemblyActionGroup {
    "actions": Array [
      Object {
        "action": [Function],
        "enabled": [Function],
        "icon": [Function],
        "id": [Function],
        "label": [Function],
        "visible": [Function],
      },
      Object {
        "action": [Function],
        "enabled": [Function],
        "icon": [Function],
        "id": [Function],
        "label": [Function],
        "visible": [Function],
      },
      Object {
        "action": [Function],
        "enabled": [Function],
        "icon": [Function],
        "id": [Function],
        "label": [Function],
        "visible": [Function],
      },
      Object {
        "action": [Function],
        "enabled": [Function],
        "icon": [Function],
        "id": [Function],
        "label": [Function],
        "visible": [Function],
      },
    ],
    "icon": [Function],
    "label": [Function],
  },
]
`;

exports[`RangeSliderActions check status of menu actions and toolbar actions of range slider in viewer and preview 2`] = `
Array [
  AssemblyActionGroup {
    "actions": Array [
      Object {
        "action": [Function],
        "enabled": [Function],
        "icon": [Function],
        "id": [Function],
        "label": [Function],
        "visible": [Function],
      },
    ],
    "icon": [Function],
    "label": [Function],
  },
  AssemblyActionGroup {
    "actions": Array [
      Object {
        "action": [Function],
        "enabled": [Function],
        "icon": [Function],
        "id": [Function],
        "label": [Function],
        "visible": [Function],
      },
      Object {
        "action": [Function],
        "enabled": [Function],
        "icon": [Function],
        "id": [Function],
        "label": [Function],
        "visible": [Function],
      },
      Object {
        "action": [Function],
        "enabled": [Function],
        "icon": [Function],
        "id": [Function],
        "label": [Function],
        "visible": [Function],
      },
    ],
    "icon": [Function],
    "label": [Function],
  },
  AssemblyActionGroup {
    "actions": Array [
      Object {
        "action": [Function],
        "childAction": [Function],
        "enabled": [Function],
        "icon": [Function],
        "id": [Function],
        "label": [Function],
        "visible": [Function],
      },
    ],
    "icon": [Function],
    "label": [Function],
  },
]
`;

exports[`RangeSliderActions check status of menu actions and toolbar actions of range slider in viewer and preview 3`] = `
Array [
  AssemblyActionGroup {
    "actions": Array [
      Object {
        "action": [Function],
        "enabled": [Function],
        "icon": [Function],
        "id": [Function],
        "label": [Function],
        "visible": [Function],
      },
      Object {
        "action": [Function],
        "enabled": [Function],
        "icon": [Function],
        "id": [Function],
        "label": [Function],
        "visible": [Function],
      },
      Object {
        "action": [Function],
        "enabled": [Function],
        "icon": [Function],
        "id": [Function],
        "label": [Function],
        "visible": [Function],
      },
      Object {
        "action": [Function],
        "enabled": [Function],
        "icon": [Function],
        "id": [Function],
        "label": [Function],
        "visible": [Function],
      },
      Object {
        "action": [Function],
        "enabled": [Function],
        "icon": [Function],
        "id": [Function],
        "label": [Function],
        "visible": [Function],
      },
    ],
    "icon": [Function],
    "label": [Function],
  },
  AssemblyActionGroup {
    "actions": Array [
      Object {
        "action": [Function],
        "enabled": [Function],
        "icon": [Function],
        "id": [Function],
        "label": [Function],
        "visible": [Function],
      },
      Object {
        "action": [Function],
        "enabled": [Function],
        "icon": [Function],
        "id": [Function],
        "label": [Function],
        "visible": [Function],
      },
    ],
    "icon": [Function],
    "label": [Function],
  },
  AssemblyActionGroup {
    "actions": Array [
      Object {
        "action": [Function],
        "enabled": [Function],
        "icon": [Function],
        "id": [Function],
        "label": [Function],
        "visible": [Function],
      },
      Object {
        "action": [Function],
        "enabled": [Function],
        "icon": [Function],
        "id": [Function],
        "label": [Function],
        "visible": [Function],
      },
      Object {
        "action": [Function],
        "enabled": [Function],
        "icon": [Function],
        "id": [Function],
        "label": [Function],
        "visible": [Function],
      },
      Object {
        "action": [Function],
        "enabled": [Function],
        "icon": [Function],
        "id": [Function],
        "label": [Function],
        "visible": [Function],
      },
      Object {
        "action": [Function],
        "enabled": [Function],
        "icon": [Function],
        "id": [Function],
        "label": [Function],
        "visible": [Function],
      },
    ],
    "icon": [Function],
    "label": [Function],
  },
  AssemblyActionGroup {
    "actions": Array [
      Object {
        "action": [Function],
        "enabled": [Function],
        "icon": [Function],
        "id": [Function],
        "label": [Function],
        "visible": [Function],
      },
      Object {
        "action": [Function],
        "enabled": [Function],
        "icon": [Function],
        "id": [Function],
        "label": [Function],
        "visible": [Function],
      },
      Object {
        "action": [Function],
        "enabled": [Function],
        "icon": [Function],
        "id": [Function],
        "label": [Function],
        "visible": [Function],
      },
      Object {
        "action": [Function],
        "enabled": [Function],
        "icon": [Function],
        "id": [Function],
        "label": [Function],
        "visible": [Function],
      },
    ],
    "icon": [Function],
    "label": [Function],
  },
]
`;

exports[`RangeSliderActions check status of menu actions and toolbar actions of range slider in viewer and preview 4`] = `
Array [
  AssemblyActionGroup {
    "actions": Array [
      Object {
        "action": [Function],
        "enabled": [Function],
        "icon": [Function],
        "id": [Function],
        "label": [Function],
        "visible": [Function],
      },
    ],
    "icon": [Function],
    "label": [Function],
  },
  AssemblyActionGroup {
    "actions": Array [
      Object {
        "action": [Function],
        "enabled": [Function],
        "icon": [Function],
        "id": [Function],
        "label": [Function],
        "visible": [Function],
      },
      Object {
        "action": [Function],
        "enabled": [Function],
        "icon": [Function],
        "id": [Function],
        "label": [Function],
        "visible": [Function],
      },
      Object {
        "action": [Function],
        "enabled": [Function],
        "icon": [Function],
        "id": [Function],
        "label": [Function],
        "visible": [Function],
      },
    ],
    "icon": [Function],
    "label": [Function],
  },
  AssemblyActionGroup {
    "actions": Array [
      Object {
        "action": [Function],
        "childAction": [Function],
        "enabled": [Function],
        "icon": [Function],
        "id": [Function],
        "label": [Function],
        "visible": [Function],
      },
    ],
    "icon": [Function],
    "label": [Function],
  },
]
`;

exports[`RangeSliderActions check status of menu actions and toolbar actions of range slider in viewer and preview 5`] = `
Array [
  AssemblyActionGroup {
    "actions": Array [
      Object {
        "action": [Function],
        "enabled": [Function],
        "icon": [Function],
        "id": [Function],
        "label": [Function],
        "visible": [Function],
      },
    ],
    "icon": [Function],
    "label": [Function],
  },
  AssemblyActionGroup {
    "actions": Array [
      Object {
        "action": [Function],
        "enabled": [Function],
        "icon": [Function],
        "id": [Function],
        "label": [Function],
        "visible": [Function],
      },
      Object {
        "action": [Function],
        "enabled": [Function],
        "icon": [Function],
        "id": [Function],
        "label": [Function],
        "visible": [Function],
      },
      Object {
        "action": [Function],
        "enabled": [Function],
        "icon": [Function],
        "id": [Function],
        "label": [Function],
        "visible": [Function],
      },
    ],
    "icon": [Function],
    "label": [Function],
  },
  AssemblyActionGroup {
    "actions": Array [
      Object {
        "action": [Function],
        "childAction": [Function],
        "enabled": [Function],
        "icon": [Function],
        "id": [Function],
        "label": [Function],
        "visible": [Function],
      },
    ],
    "icon": [Function],
    "label": [Function],
  },
]
`;
