// Jest Snapshot v1, https://goo.gl/fbAQLP

exports[`TextInputActions check status of menu actions of text-input in composer 1`] = `
Array [
  AssemblyActionGroup {
    "actions": Array [
      Object {
        "action": [Function],
        "enabled": [Function],
        "icon": [Function],
        "id": [Function],
        "label": [Function],
        "visible": [Function],
      },
      Object {
        "action": [Function],
        "enabled": [Function],
        "icon": [Function],
        "id": [Function],
        "label": [Function],
        "visible": [Function],
      },
    ],
    "icon": [Function],
    "label": [Function],
  },
  AssemblyActionGroup {
    "actions": Array [
      Object {
        "action": [Function],
        "enabled": [Function],
        "icon": [Function],
        "id": [Function],
        "label": [Function],
        "visible": [Function],
      },
      Object {
        "action": [Function],
        "enabled": [Function],
        "icon": [Function],
        "id": [Function],
        "label": [Function],
        "visible": [Function],
      },
      Object {
        "action": [Function],
        "enabled": [Function],
        "icon": [Function],
        "id": [Function],
        "label": [Function],
        "visible": [Function],
      },
      Object {
        "action": [Function],
        "enabled": [Function],
        "icon": [Function],
        "id": [Function],
        "label": [Function],
        "visible": [Function],
      },
      Object {
        "action": [Function],
        "enabled": [Function],
        "icon": [Function],
        "id": [Function],
        "label": [Function],
        "visible": [Function],
      },
    ],
    "icon": [Function],
    "label": [Function],
  },
  AssemblyActionGroup {
    "actions": Array [
      Object {
        "action": [Function],
        "enabled": [Function],
        "icon": [Function],
        "id": [Function],
        "label": [Function],
        "visible": [Function],
      },
      Object {
        "action": [Function],
        "enabled": [Function],
        "icon": [Function],
        "id": [Function],
        "label": [Function],
        "visible": [Function],
      },
      Object {
        "action": [Function],
        "enabled": [Function],
        "icon": [Function],
        "id": [Function],
        "label": [Function],
        "visible": [Function],
      },
      Object {
        "action": [Function],
        "enabled": [Function],
        "icon": [Function],
        "id": [Function],
        "label": [Function],
        "visible": [Function],
      },
    ],
    "icon": [Function],
    "label": [Function],
  },
]
`;

exports[`TextInputActions check status of menu actions of text-input in viewer and preview 1`] = `
Array [
  AssemblyActionGroup {
    "actions": Array [
      Object {
        "action": [Function],
        "enabled": [Function],
        "icon": [Function],
        "id": [Function],
        "label": [Function],
        "visible": [Function],
      },
      Object {
        "action": [Function],
        "enabled": [Function],
        "icon": [Function],
        "id": [Function],
        "label": [Function],
        "visible": [Function],
      },
    ],
    "icon": [Function],
    "label": [Function],
  },
  AssemblyActionGroup {
    "actions": Array [
      Object {
        "action": [Function],
        "enabled": [Function],
        "icon": [Function],
        "id": [Function],
        "label": [Function],
        "visible": [Function],
      },
      Object {
        "action": [Function],
        "enabled": [Function],
        "icon": [Function],
        "id": [Function],
        "label": [Function],
        "visible": [Function],
      },
      Object {
        "action": [Function],
        "enabled": [Function],
        "icon": [Function],
        "id": [Function],
        "label": [Function],
        "visible": [Function],
      },
      Object {
        "action": [Function],
        "enabled": [Function],
        "icon": [Function],
        "id": [Function],
        "label": [Function],
        "visible": [Function],
      },
      Object {
        "action": [Function],
        "enabled": [Function],
        "icon": [Function],
        "id": [Function],
        "label": [Function],
        "visible": [Function],
      },
    ],
    "icon": [Function],
    "label": [Function],
  },
  AssemblyActionGroup {
    "actions": Array [
      Object {
        "action": [Function],
        "enabled": [Function],
        "icon": [Function],
        "id": [Function],
        "label": [Function],
        "visible": [Function],
      },
      Object {
        "action": [Function],
        "enabled": [Function],
        "icon": [Function],
        "id": [Function],
        "label": [Function],
        "visible": [Function],
      },
      Object {
        "action": [Function],
        "enabled": [Function],
        "icon": [Function],
        "id": [Function],
        "label": [Function],
        "visible": [Function],
      },
      Object {
        "action": [Function],
        "enabled": [Function],
        "icon": [Function],
        "id": [Function],
        "label": [Function],
        "visible": [Function],
      },
    ],
    "icon": [Function],
    "label": [Function],
  },
]
`;

exports[`TextInputActions check status of menu actions of text-input in viewer and preview 2`] = `
Array [
  AssemblyActionGroup {
    "actions": Array [
      Object {
        "action": [Function],
        "enabled": [Function],
        "icon": [Function],
        "id": [Function],
        "label": [Function],
        "visible": [Function],
      },
      Object {
        "action": [Function],
        "enabled": [Function],
        "icon": [Function],
        "id": [Function],
        "label": [Function],
        "visible": [Function],
      },
    ],
    "icon": [Function],
    "label": [Function],
  },
  AssemblyActionGroup {
    "actions": Array [
      Object {
        "action": [Function],
        "enabled": [Function],
        "icon": [Function],
        "id": [Function],
        "label": [Function],
        "visible": [Function],
      },
      Object {
        "action": [Function],
        "enabled": [Function],
        "icon": [Function],
        "id": [Function],
        "label": [Function],
        "visible": [Function],
      },
      Object {
        "action": [Function],
        "enabled": [Function],
        "icon": [Function],
        "id": [Function],
        "label": [Function],
        "visible": [Function],
      },
      Object {
        "action": [Function],
        "enabled": [Function],
        "icon": [Function],
        "id": [Function],
        "label": [Function],
        "visible": [Function],
      },
      Object {
        "action": [Function],
        "enabled": [Function],
        "icon": [Function],
        "id": [Function],
        "label": [Function],
        "visible": [Function],
      },
    ],
    "icon": [Function],
    "label": [Function],
  },
  AssemblyActionGroup {
    "actions": Array [
      Object {
        "action": [Function],
        "enabled": [Function],
        "icon": [Function],
        "id": [Function],
        "label": [Function],
        "visible": [Function],
      },
      Object {
        "action": [Function],
        "enabled": [Function],
        "icon": [Function],
        "id": [Function],
        "label": [Function],
        "visible": [Function],
      },
      Object {
        "action": [Function],
        "enabled": [Function],
        "icon": [Function],
        "id": [Function],
        "label": [Function],
        "visible": [Function],
      },
      Object {
        "action": [Function],
        "enabled": [Function],
        "icon": [Function],
        "id": [Function],
        "label": [Function],
        "visible": [Function],
      },
    ],
    "icon": [Function],
    "label": [Function],
  },
]
`;
